// Jest Snapshot v1, https://goo.gl/fbAQLP

exports[`Avatar should match snapshot 1`] = `
<div
  className="fih5kfy"
>
  N
</div>
`;

exports[`Avatar should match snapshot 2`] = `
<div
  className="fih5kfy"
>
  N
</div>
`;
